// Jest Snapshot v1, https://goo.gl/fbAQLP

exports[`Get auth client options tests should return the value of the secrets key 1`] = `
{
  "secrets": {
    "idPrefix": undefined,
    "ids": {
      "authSigningKey": {
        "name": "signingKey",
      },
      "users": {
        "name": undefined,
      },
    },
    "kmsId": undefined,
    "names": {
      "tokens": {
        "name": "tokens",
      },
    },
    "prefix": "test-prefix",
  },
}
`;
