// Jest Snapshot v1, https://goo.gl/fbAQLP

exports[`Generate user token tests should create user tokens 1`] = `
[
  {
    "name": "tokens",
    "value": {
      "read-user": "eyJhbGciOiJSUzI1NiIsInR5cCI6IkpXVCJ9.eyJlbWFpbCI6InJlYWQtdXNlckB0ZXN0LmVtYWlsIiwiZ2l2ZW5OYW1lIjoicmVhZCIsImxlZ2FsTmFtZSI6InVzZXIiLCJyaWdodHMiOlsicmVhZCJdLCJzdWJqZWN0IjoicmVhZC11c2VyIiwidWlkIjoicmVhZC11c2VyIiwiaWF0IjoxNjcyNTMxMjAwLCJleHAiOjE2NzI1NzQ0MDAsImF1ZCI6ImF1ZGllbmNlIiwiaXNzIjoiaXNzdWVyIn0.aLfaZo1ca-moXsqLliW-4dL-LY41vGGyF3MWnZdhK5CpumhYOihXi59Cx1Fi3vclShZqq61biuKicBRlYzOZOvrCjpoHSY_efpqqmggPTyBo6yzLxauuwcTrny5kUDtx6bTsixkAzfTi0M1tjL1lT0cvMwr5V3NaZcIGtQUSQ7ynZBksFbtAdIYTNdBL31jsmgFRhiwm0o01sDUzfLKX6is71_fhQLaGBj6FCD1Rx1HhqfYQAttXBOBWOzX0Gv6Co28ef3NUBiWCU-n23lKk_MuZvmxr2UkPdCeLJn6Rr7yDGUWujaTkTji0UIJKFeKIC4HN8cUejFMrWwQU8pExGA",
      "write-user": "eyJhbGciOiJSUzI1NiIsInR5cCI6IkpXVCJ9.eyJlbWFpbCI6IndyaXRlLXVzZXJAdGVzdC5lbWFpbCIsImdpdmVuTmFtZSI6IndyaXRlIiwibGVnYWxOYW1lIjoidXNlciIsInJpZ2h0cyI6WyJ3cml0ZSJdLCJzdWJqZWN0Ijoid3JpdGUtdXNlciIsInVpZCI6IndyaXRlLXVzZXIiLCJpYXQiOjE2NzI1MzEyMDAsImV4cCI6MTY3MjU3NDQwMCwiYXVkIjoiYXVkaWVuY2UiLCJpc3MiOiJpc3N1ZXIifQ.lwKB0ykljqxCuo373xNf_h67GWwCB9XZ2H0qKHRXdbLRNjIjmzNJYxBwISRtqt1Igrp22BKoLKHy52lVbam5UNUTZFKCCZR3aueNc2u7RqA1H7iP4whY4hxRgGpaIjL6A7WYWHTQ5J7RzXyiuirLw1k2hdRdpApiLcs8LZMo5oG1LEovfBuUldIR9DA6_ZNJcrPvsZgh7AL1LYpBDx_h8ZOfgNW5NFPphcXMEO-c9nX1ICt6H_c_0WMs__QwDnOYp4IaMbrLfQpRH2f8bIJ5KZGkPPrTPD9TLle3e50hBMm3lTo13ZNTAd7gzYYRebF8AjVxZqUK16FEM2xosM78gg",
    },
  },
]
`;
