// Jest Snapshot v1, https://goo.gl/fbAQLP

exports[`Make update expression tests should match exporession output 1`] = `
{
  "ExpressionAttributeNames": {
    "#value1": "value1",
    "#value2": "value2",
    "#value3": "value3",
    "#value4": "value4",
    "#value5": "value5",
  },
  "ExpressionAttributeValues": {
    ":value1": "test value",
    ":value2": true,
    ":value3": 1,
    ":value4": null,
    ":value5": "",
  },
  "UpdateExpression": "SET #value1 = :value1, #value2 = :value2, #value3 = :value3, #value4 = :value4, #value5 = :value5",
}
`;
