// Jest Snapshot v1, https://goo.gl/fbAQLP

exports[`api gateway wrapper tests should handle response, returns results matching snapshot 1`] = `
[
  {
    "event": {
      "test": "event",
    },
    "serviceContext": {
      "clientOptions": {
        "db": {
          "maxAttempts": 3,
          "region": "eu-west-1",
          "requestTimeout": 3000,
          "tables": {
            "test": {
              "indices": {
                "testIndex": {
                  "name": "test-index-name",
                },
              },
              "itemLimits": {
                "defaultLimit": 20,
                "maxLimit": 100,
              },
              "name": "test-table-name",
            },
          },
        },
      },
      "env": "dev",
      "log": ConsoleLogger {
        "config": {
          "formatter": [Function],
          "includeSrc": true,
          "level": undefined,
          "levels": undefined,
        },
        "defaultEventCode": undefined,
        "formatter": [Function],
        "levels": {
          "debug": 2,
          "error": 5,
          "info": 3,
          "trace": 1,
          "warn": 4,
        },
        "minLevel": 3,
        "resolveLevel": [Function],
        "scope": {
          "env": "dev",
          "event": {
            "test": "event",
          },
          "name": "wrapper-test",
          "region": "eu-west-1",
          "serviceName": "wrapper-test",
        },
        "transformer": undefined,
      },
      "region": "eu-west-1",
    },
  },
]
`;
